[debug] [2025-09-03T13:50:56.564Z] ----------------------------------------------------------------------
[debug] [2025-09-03T13:50:56.566Z] Command:       /usr/local/bin/node /usr/local/bin/firebase emulators:start
[debug] [2025-09-03T13:50:56.566Z] CLI Version:   14.12.1
[debug] [2025-09-03T13:50:56.566Z] Platform:      darwin
[debug] [2025-09-03T13:50:56.566Z] Node Version:  v22.18.0
[debug] [2025-09-03T13:50:56.566Z] Time:          Wed Sep 03 2025 09:50:56 GMT-0400 (Eastern Daylight Time)
[debug] [2025-09-03T13:50:56.566Z] ----------------------------------------------------------------------
[debug] 
[debug] [2025-09-03T13:50:56.666Z] > command requires scopes: ["email","openid","https://www.googleapis.com/auth/cloudplatformprojects.readonly","https://www.googleapis.com/auth/firebase","https://www.googleapis.com/auth/cloud-platform"]
[debug] [2025-09-03T13:50:56.666Z] > authorizing via signed-in user (garkor.com@gmail.com)
[debug] [2025-09-03T13:50:56.701Z] openjdk version "11.0.21" 2023-10-17
[debug] [2025-09-03T13:50:56.702Z] 
OpenJDK Runtime Environment Temurin-11.0.21+9 (build 11.0.21+9)
OpenJDK 64-Bit Server VM Temurin-11.0.21+9 (build 11.0.21+9, mixed mode)

[debug] [2025-09-03T13:50:56.705Z] Parsed Java major version: 11
[info] i  emulators: Starting emulators: auth, functions, firestore, hosting, storage, extensions {"metadata":{"emulator":{"name":"hub"},"message":"Starting emulators: auth, functions, firestore, hosting, storage, extensions"}}
[debug] [2025-09-03T13:50:56.706Z] Checked if tokens are valid: false, expires at: 1756864106567
[debug] [2025-09-03T13:50:56.706Z] Checked if tokens are valid: false, expires at: 1756864106567
[debug] [2025-09-03T13:50:56.706Z] > refreshing access token with scopes: []
[debug] [2025-09-03T13:50:56.707Z] >>> [apiv2][query] POST https://www.googleapis.com/oauth2/v3/token [none]
[debug] [2025-09-03T13:50:56.707Z] >>> [apiv2][body] POST https://www.googleapis.com/oauth2/v3/token [omitted]
[debug] [2025-09-03T13:50:56.840Z] <<< [apiv2][status] POST https://www.googleapis.com/oauth2/v3/token 200
[debug] [2025-09-03T13:50:56.840Z] <<< [apiv2][body] POST https://www.googleapis.com/oauth2/v3/token [omitted]
[debug] [2025-09-03T13:50:56.851Z] >>> [apiv2][query] GET https://serviceusage.googleapis.com/v1/projects/profit-task/services/cloudresourcemanager.googleapis.com [none]
[debug] [2025-09-03T13:50:56.851Z] >>> [apiv2][(partial)header] GET https://serviceusage.googleapis.com/v1/projects/profit-task/services/cloudresourcemanager.googleapis.com x-goog-quota-user=projects/profit-task
[debug] [2025-09-03T13:50:57.327Z] <<< [apiv2][status] GET https://serviceusage.googleapis.com/v1/projects/profit-task/services/cloudresourcemanager.googleapis.com 200
[debug] [2025-09-03T13:50:57.327Z] <<< [apiv2][body] GET https://serviceusage.googleapis.com/v1/projects/profit-task/services/cloudresourcemanager.googleapis.com [omitted]
[debug] [2025-09-03T13:50:57.333Z] Checked if tokens are valid: true, expires at: 1756911055840
[debug] [2025-09-03T13:50:57.333Z] Checked if tokens are valid: true, expires at: 1756911055840
[debug] [2025-09-03T13:50:57.333Z] >>> [apiv2][query] GET https://cloudresourcemanager.googleapis.com/v1/projects/profit-task [none]
[debug] [2025-09-03T13:50:57.596Z] <<< [apiv2][status] GET https://cloudresourcemanager.googleapis.com/v1/projects/profit-task 200
[debug] [2025-09-03T13:50:57.596Z] <<< [apiv2][body] GET https://cloudresourcemanager.googleapis.com/v1/projects/profit-task {"projectNumber":"833518013631","projectId":"profit-task","lifecycleState":"ACTIVE","name":"profit-task","labels":{"firebase":"enabled","firebase-core":"disabled","generative-language":"enabled"},"createTime":"2025-08-17T23:45:30.760735Z"}
[debug] [2025-09-03T13:50:58.347Z] [logging] Logging Emulator only supports listening on one address (127.0.0.1). Not listening on ::1
[debug] [2025-09-03T13:50:58.347Z] [auth] Authentication Emulator only supports listening on one address (127.0.0.1). Not listening on ::1
[debug] [2025-09-03T13:50:58.347Z] [firestore] Firestore Emulator only supports listening on one address (127.0.0.1). Not listening on ::1
[debug] [2025-09-03T13:50:58.347Z] [firestore.websocket] websocket server for firestore only supports listening on one address (127.0.0.1). Not listening on ::1
[debug] [2025-09-03T13:50:58.347Z] [storage] Storage Emulator only supports listening on one address (127.0.0.1). Not listening on ::1
[warn] ⚠  hosting: Hosting Emulator unable to start on port 5000, starting on 5002 instead. {"metadata":{"emulator":{"name":"hosting"},"message":"Hosting Emulator unable to start on port 5000, starting on 5002 instead."}}
[debug] [2025-09-03T13:50:58.347Z] [hosting] Hosting Emulator only supports listening on one address (127.0.0.1). Not listening on ::1
[debug] [2025-09-03T13:50:58.347Z] assigned listening specs for emulators {"user":{"hub":[{"address":"127.0.0.1","family":"IPv4","port":4400},{"address":"::1","family":"IPv6","port":4400}],"ui":[{"address":"127.0.0.1","family":"IPv4","port":4000},{"address":"::1","family":"IPv6","port":4000}],"logging":[{"address":"127.0.0.1","family":"IPv4","port":4500}],"auth":[{"address":"127.0.0.1","family":"IPv4","port":9099}],"firestore":[{"address":"127.0.0.1","family":"IPv4","port":8080}],"firestore.websocket":[{"address":"127.0.0.1","family":"IPv4","port":9150}],"storage":[{"address":"127.0.0.1","family":"IPv4","port":9199}],"hosting":[{"address":"127.0.0.1","family":"IPv4","port":5002}]},"metadata":{"message":"assigned listening specs for emulators"}}
[debug] [2025-09-03T13:50:58.350Z] [hub] writing locator at /var/folders/ly/4ffc61pn3f166rmbfwss3fnh0000gn/T/hub-profit-task.json
[debug] [2025-09-03T13:50:58.351Z] [Extensions] Started Extensions emulator, this is a noop.
[debug] [2025-09-03T13:50:58.611Z] [functions] Functions Emulator only supports listening on one address (127.0.0.1). Not listening on ::1
[debug] [2025-09-03T13:50:58.612Z] [eventarc] Eventarc Emulator only supports listening on one address (127.0.0.1). Not listening on ::1
[debug] [2025-09-03T13:50:58.612Z] [tasks] Cloud Tasks Emulator only supports listening on one address (127.0.0.1). Not listening on ::1
[debug] [2025-09-03T13:50:58.612Z] late-assigned ports for functions and eventarc emulators {"user":{"hub":[{"address":"127.0.0.1","family":"IPv4","port":4400},{"address":"::1","family":"IPv6","port":4400}],"ui":[{"address":"127.0.0.1","family":"IPv4","port":4000},{"address":"::1","family":"IPv6","port":4000}],"logging":[{"address":"127.0.0.1","family":"IPv4","port":4500}],"auth":[{"address":"127.0.0.1","family":"IPv4","port":9099}],"firestore":[{"address":"127.0.0.1","family":"IPv4","port":8080}],"firestore.websocket":[{"address":"127.0.0.1","family":"IPv4","port":9150}],"storage":[{"address":"127.0.0.1","family":"IPv4","port":9199}],"hosting":[{"address":"127.0.0.1","family":"IPv4","port":5002}],"functions":[{"address":"127.0.0.1","family":"IPv4","port":5001}],"eventarc":[{"address":"127.0.0.1","family":"IPv4","port":9299}],"tasks":[{"address":"127.0.0.1","family":"IPv4","port":9499}]},"metadata":{"message":"late-assigned ports for functions and eventarc emulators"}}
[warn] ⚠  functions: The following emulators are not running, calls to these services from the Functions emulator will affect production: apphosting, database, pubsub, dataconnect {"metadata":{"emulator":{"name":"functions"},"message":"The following emulators are not running, calls to these services from the Functions emulator will affect production: apphosting, database, pubsub, dataconnect"}}
[debug] [2025-09-03T13:50:58.643Z] defaultcredentials: writing to file /Users/denysharbuzov/.config/firebase/garkor_com_gmail.com_application_default_credentials.json
[debug] [2025-09-03T13:50:58.643Z] Setting GAC to /Users/denysharbuzov/.config/firebase/garkor_com_gmail.com_application_default_credentials.json {"metadata":{"emulator":{"name":"functions"},"message":"Setting GAC to /Users/denysharbuzov/.config/firebase/garkor_com_gmail.com_application_default_credentials.json"}}
[debug] [2025-09-03T13:50:58.643Z] Checked if tokens are valid: true, expires at: 1756911055840
[debug] [2025-09-03T13:50:58.643Z] Checked if tokens are valid: true, expires at: 1756911055840
[debug] [2025-09-03T13:50:58.644Z] >>> [apiv2][query] GET https://firebase.googleapis.com/v1beta1/projects/profit-task/adminSdkConfig [none]
[debug] [2025-09-03T13:50:59.167Z] <<< [apiv2][status] GET https://firebase.googleapis.com/v1beta1/projects/profit-task/adminSdkConfig 200
[debug] [2025-09-03T13:50:59.167Z] <<< [apiv2][body] GET https://firebase.googleapis.com/v1beta1/projects/profit-task/adminSdkConfig {"projectId":"profit-task","storageBucket":"profit-task.firebasestorage.app"}
[info] i  firestore: downloading cloud-firestore-emulator-v1.19.8.jar... {"metadata":{"emulator":{"name":"firestore"},"message":"downloading cloud-firestore-emulator-v1.19.8.jar..."}}
[debug] [2025-09-03T13:50:59.178Z] >>> [apiv2][query] GET https://storage.googleapis.com/firebase-preview-drop/emulator/cloud-firestore-emulator-v1.19.8.jar 
[debug] [2025-09-03T13:50:59.369Z] <<< [apiv2][status] GET https://storage.googleapis.com/firebase-preview-drop/emulator/cloud-firestore-emulator-v1.19.8.jar 200
[debug] [2025-09-03T13:50:59.369Z] <<< [apiv2][body] GET https://storage.googleapis.com/firebase-preview-drop/emulator/cloud-firestore-emulator-v1.19.8.jar [stream]
[debug] [2025-09-03T13:51:00.543Z] Ignoring unsupported arg: auto_download {"metadata":{"emulator":{"name":"firestore"},"message":"Ignoring unsupported arg: auto_download"}}
[debug] [2025-09-03T13:51:00.543Z] Ignoring unsupported arg: single_project_mode_error {"metadata":{"emulator":{"name":"firestore"},"message":"Ignoring unsupported arg: single_project_mode_error"}}
[debug] [2025-09-03T13:51:00.543Z] Starting Firestore Emulator with command {"binary":"java","args":["-Dgoogle.cloud_firestore.debug_log_level=FINE","-Duser.language=en","-jar","/Users/denysharbuzov/.cache/firebase/emulators/cloud-firestore-emulator-v1.19.8.jar","--host","127.0.0.1","--port",8080,"--websocket_port",9150,"--project_id","profit-task","--rules","/Users/denysharbuzov/Projects/my-business-app/firestore.rules","--single_project_mode",true,"--functions_emulator","127.0.0.1:5001"],"optionalArgs":["port","webchannel_port","host","rules","websocket_port","functions_emulator","seed_from_export","project_id","single_project_mode"],"joinArgs":false,"shell":false,"port":8080} {"metadata":{"emulator":{"name":"firestore"},"message":"Starting Firestore Emulator with command {\"binary\":\"java\",\"args\":[\"-Dgoogle.cloud_firestore.debug_log_level=FINE\",\"-Duser.language=en\",\"-jar\",\"/Users/denysharbuzov/.cache/firebase/emulators/cloud-firestore-emulator-v1.19.8.jar\",\"--host\",\"127.0.0.1\",\"--port\",8080,\"--websocket_port\",9150,\"--project_id\",\"profit-task\",\"--rules\",\"/Users/denysharbuzov/Projects/my-business-app/firestore.rules\",\"--single_project_mode\",true,\"--functions_emulator\",\"127.0.0.1:5001\"],\"optionalArgs\":[\"port\",\"webchannel_port\",\"host\",\"rules\",\"websocket_port\",\"functions_emulator\",\"seed_from_export\",\"project_id\",\"single_project_mode\"],\"joinArgs\":false,\"shell\":false,\"port\":8080}"}}
[info] i  firestore: Firestore Emulator logging to firestore-debug.log {"metadata":{"emulator":{"name":"firestore"},"message":"Firestore Emulator logging to firestore-debug.log"}}
[debug] [2025-09-03T13:51:01.432Z] Sep 03, 2025 9:51:01 AM com.google.cloud.datastore.emulator.firestore.websocket.WebSocketServer start
INFO: Started WebSocket server on ws://127.0.0.1:9150
 {"metadata":{"emulator":{"name":"firestore"},"message":"Sep 03, 2025 9:51:01 AM com.google.cloud.datastore.emulator.firestore.websocket.WebSocketServer start\nINFO: Started WebSocket server on ws://127.0.0.1:9150\n"}}
[debug] [2025-09-03T13:51:01.443Z] API endpoint: http:// {"metadata":{"emulator":{"name":"firestore"},"message":"API endpoint: http://"}}
[debug] [2025-09-03T13:51:01.443Z] 127.0.0.1:8080
If you are using a library that supports the FIRESTORE_EMULATOR_HOST environment variable, run:

   export FIRESTORE_EMULATOR_HOST=127.0.0.1:8080

If you are running a Firestore in Datastore Mode project, run:

   export DATASTORE_EMULATOR_HOST=127.0.0.1:8080

Note: Support for Datastore Mode is in preview. If you encounter any bugs please file at https://github.com/firebase/firebase-tools/issues.
Dev App Server is now running.

 {"metadata":{"emulator":{"name":"firestore"},"message":"127.0.0.1:8080\nIf you are using a library that supports the FIRESTORE_EMULATOR_HOST environment variable, run:\n\n   export FIRESTORE_EMULATOR_HOST=127.0.0.1:8080\n\nIf you are running a Firestore in Datastore Mode project, run:\n\n   export DATASTORE_EMULATOR_HOST=127.0.0.1:8080\n\nNote: Support for Datastore Mode is in preview. If you encounter any bugs please file at https://github.com/firebase/firebase-tools/issues.\nDev App Server is now running.\n\n"}}
[info] ✔  firestore: Firestore Emulator UI websocket is running on 9150. {"metadata":{"emulator":{"name":"firestore"},"message":"Firestore Emulator UI websocket is running on 9150."}}
[info] i  storage: downloading cloud-storage-rules-runtime-v1.1.3.jar... {"metadata":{"emulator":{"name":"storage"},"message":"downloading cloud-storage-rules-runtime-v1.1.3.jar..."}}
[debug] [2025-09-03T13:51:03.532Z] >>> [apiv2][query] GET https://storage.googleapis.com/firebase-preview-drop/emulator/cloud-storage-rules-runtime-v1.1.3.jar 
[debug] [2025-09-03T13:51:03.612Z] <<< [apiv2][status] GET https://storage.googleapis.com/firebase-preview-drop/emulator/cloud-storage-rules-runtime-v1.1.3.jar 200
[debug] [2025-09-03T13:51:03.612Z] <<< [apiv2][body] GET https://storage.googleapis.com/firebase-preview-drop/emulator/cloud-storage-rules-runtime-v1.1.3.jar [stream]
[debug] [2025-09-03T13:51:04.492Z] Ignoring unsupported arg: port {"metadata":{"emulator":{"name":"storage"},"message":"Ignoring unsupported arg: port"}}
[debug] [2025-09-03T13:51:04.895Z] Temp file directory for storage emulator: /var/folders/ly/4ffc61pn3f166rmbfwss3fnh0000gn/T/firebase/storage/blobs {"metadata":{"emulator":{"name":"storage"},"message":"Temp file directory for storage emulator: /var/folders/ly/4ffc61pn3f166rmbfwss3fnh0000gn/T/firebase/storage/blobs"}}
[debug] [2025-09-03T13:51:04.896Z] Checked if tokens are valid: true, expires at: 1756911055840
[debug] [2025-09-03T13:51:04.896Z] Checked if tokens are valid: true, expires at: 1756911055840
[debug] [2025-09-03T13:51:04.896Z] >>> [apiv2][query] GET https://firebasehosting.googleapis.com/v1beta1/projects/profit-task/sites 
[debug] [2025-09-03T13:51:05.333Z] <<< [apiv2][status] GET https://firebasehosting.googleapis.com/v1beta1/projects/profit-task/sites 200
[debug] [2025-09-03T13:51:05.333Z] <<< [apiv2][body] GET https://firebasehosting.googleapis.com/v1beta1/projects/profit-task/sites {"sites":[{"name":"projects/profit-task/sites/profit-task","defaultUrl":"https://profit-task.web.app","appId":"1:833518013631:web:b6f55cd89deb72294fca0a","type":"DEFAULT_SITE"}]}
[debug] [2025-09-03T13:51:05.333Z] Checked if tokens are valid: true, expires at: 1756911055840
[debug] [2025-09-03T13:51:05.333Z] Checked if tokens are valid: true, expires at: 1756911055840
[debug] [2025-09-03T13:51:05.333Z] >>> [apiv2][query] GET https://firebase.googleapis.com/v1beta1/projects/profit-task/webApps/1:833518013631:web:b6f55cd89deb72294fca0a/config [none]
[debug] [2025-09-03T13:51:05.823Z] <<< [apiv2][status] GET https://firebase.googleapis.com/v1beta1/projects/profit-task/webApps/1:833518013631:web:b6f55cd89deb72294fca0a/config 200
[debug] [2025-09-03T13:51:05.824Z] <<< [apiv2][body] GET https://firebase.googleapis.com/v1beta1/projects/profit-task/webApps/1:833518013631:web:b6f55cd89deb72294fca0a/config {"projectId":"profit-task","appId":"1:833518013631:web:b6f55cd89deb72294fca0a","storageBucket":"profit-task.firebasestorage.app","apiKey":"AIzaSyChIcIXwcyFMSybKprc_LbeqjZIOeu84kw","authDomain":"profit-task.firebaseapp.com","messagingSenderId":"833518013631"}
[debug] [2025-09-03T13:51:05.831Z] Checked if tokens are valid: true, expires at: 1756911055840
[debug] [2025-09-03T13:51:05.831Z] Checked if tokens are valid: true, expires at: 1756911055840
[debug] [2025-09-03T13:51:05.831Z] >>> [apiv2][query] GET https://firebase.googleapis.com/v1beta1/projects/profit-task [none]
[debug] [2025-09-03T13:51:06.048Z] <<< [apiv2][status] GET https://firebase.googleapis.com/v1beta1/projects/profit-task 200
[debug] [2025-09-03T13:51:06.048Z] <<< [apiv2][body] GET https://firebase.googleapis.com/v1beta1/projects/profit-task {"projectId":"profit-task","projectNumber":"833518013631","displayName":"profit-task","name":"projects/profit-task","resources":{"hostingSite":"profit-task"},"state":"ACTIVE","etag":"1_21346e7b-7ebc-46e0-ae40-4b80a39cf1ff"}
[info] i  hosting[profit-task]: Serving hosting files from: build {"metadata":{"emulator":{"name":"hosting"},"message":"Serving hosting files from: build"}}
[info] ✔  hosting[profit-task]: Local server: http://127.0.0.1:5002 {"metadata":{"emulator":{"name":"hosting"},"message":"Local server: http://127.0.0.1:5002"}}
[info] i  ui: downloading ui-v1.15.0.zip... {"metadata":{"emulator":{"name":"ui"},"message":"downloading ui-v1.15.0.zip..."}}
[debug] [2025-09-03T13:51:06.102Z] >>> [apiv2][query] GET https://storage.googleapis.com/firebase-preview-drop/emulator/ui-v1.15.0.zip 
[debug] [2025-09-03T13:51:06.169Z] <<< [apiv2][status] GET https://storage.googleapis.com/firebase-preview-drop/emulator/ui-v1.15.0.zip 200
[debug] [2025-09-03T13:51:06.169Z] <<< [apiv2][body] GET https://storage.googleapis.com/firebase-preview-drop/emulator/ui-v1.15.0.zip [stream]
[debug] [2025-09-03T13:51:06.225Z] Data is 3538469
[debug] [2025-09-03T13:51:06.225Z] [unzip] Entry: client/ (compressed_size=0 bytes, uncompressed_size=0 bytes)
[debug] [2025-09-03T13:51:06.225Z] [unzip] Processing entry: client/
[debug] [2025-09-03T13:51:06.225Z] [unzip] mkdir: /Users/denysharbuzov/.cache/firebase/emulators/ui-v1.15.0/client/
[debug] [2025-09-03T13:51:06.225Z] [unzip] Entry: client/favicon-16x16.png (compressed_size=293 bytes, uncompressed_size=293 bytes)
[debug] [2025-09-03T13:51:06.225Z] [unzip] Processing entry: client/favicon-16x16.png
[debug] [2025-09-03T13:51:06.225Z] [unzip] else mkdir: /Users/denysharbuzov/.cache/firebase/emulators/ui-v1.15.0/client
[debug] [2025-09-03T13:51:06.225Z] [unzip] Writing file: /Users/denysharbuzov/.cache/firebase/emulators/ui-v1.15.0/client/favicon-16x16.png
[debug] [2025-09-03T13:51:06.226Z] [unzip] Entry: client/safari-pinned-tab.svg (compressed_size=1433 bytes, uncompressed_size=2611 bytes)
[debug] [2025-09-03T13:51:06.226Z] [unzip] Processing entry: client/safari-pinned-tab.svg
[debug] [2025-09-03T13:51:06.226Z] [unzip] else mkdir: /Users/denysharbuzov/.cache/firebase/emulators/ui-v1.15.0/client
[debug] [2025-09-03T13:51:06.226Z] [unzip] deflating: /Users/denysharbuzov/.cache/firebase/emulators/ui-v1.15.0/client/safari-pinned-tab.svg
[debug] [2025-09-03T13:51:06.227Z] [unzip] Entry: client/favicon.ico (compressed_size=2933 bytes, uncompressed_size=13294 bytes)
[debug] [2025-09-03T13:51:06.227Z] [unzip] Processing entry: client/favicon.ico
[debug] [2025-09-03T13:51:06.227Z] [unzip] else mkdir: /Users/denysharbuzov/.cache/firebase/emulators/ui-v1.15.0/client
[debug] [2025-09-03T13:51:06.227Z] [unzip] deflating: /Users/denysharbuzov/.cache/firebase/emulators/ui-v1.15.0/client/favicon.ico
[debug] [2025-09-03T13:51:06.228Z] [unzip] Entry: client/index.html (compressed_size=1364 bytes, uncompressed_size=3071 bytes)
[debug] [2025-09-03T13:51:06.228Z] [unzip] Processing entry: client/index.html
[debug] [2025-09-03T13:51:06.228Z] [unzip] else mkdir: /Users/denysharbuzov/.cache/firebase/emulators/ui-v1.15.0/client
[debug] [2025-09-03T13:51:06.228Z] [unzip] deflating: /Users/denysharbuzov/.cache/firebase/emulators/ui-v1.15.0/client/index.html
[debug] [2025-09-03T13:51:06.228Z] [unzip] Entry: client/android-chrome-192x192.png (compressed_size=2684 bytes, uncompressed_size=2684 bytes)
[debug] [2025-09-03T13:51:06.228Z] [unzip] Processing entry: client/android-chrome-192x192.png
[debug] [2025-09-03T13:51:06.228Z] [unzip] else mkdir: /Users/denysharbuzov/.cache/firebase/emulators/ui-v1.15.0/client
[debug] [2025-09-03T13:51:06.229Z] [unzip] Writing file: /Users/denysharbuzov/.cache/firebase/emulators/ui-v1.15.0/client/android-chrome-192x192.png
[debug] [2025-09-03T13:51:06.229Z] [unzip] Entry: client/apple-touch-icon.png (compressed_size=2123 bytes, uncompressed_size=2152 bytes)
[debug] [2025-09-03T13:51:06.229Z] [unzip] Processing entry: client/apple-touch-icon.png
[debug] [2025-09-03T13:51:06.229Z] [unzip] else mkdir: /Users/denysharbuzov/.cache/firebase/emulators/ui-v1.15.0/client
[debug] [2025-09-03T13:51:06.229Z] [unzip] deflating: /Users/denysharbuzov/.cache/firebase/emulators/ui-v1.15.0/client/apple-touch-icon.png
[debug] [2025-09-03T13:51:06.229Z] [unzip] Entry: client/android-chrome-512x512.png (compressed_size=5369 bytes, uncompressed_size=5411 bytes)
[debug] [2025-09-03T13:51:06.229Z] [unzip] Processing entry: client/android-chrome-512x512.png
[debug] [2025-09-03T13:51:06.229Z] [unzip] else mkdir: /Users/denysharbuzov/.cache/firebase/emulators/ui-v1.15.0/client
[debug] [2025-09-03T13:51:06.229Z] [unzip] deflating: /Users/denysharbuzov/.cache/firebase/emulators/ui-v1.15.0/client/android-chrome-512x512.png
[debug] [2025-09-03T13:51:06.230Z] [unzip] Entry: client/manifest.json (compressed_size=245 bytes, uncompressed_size=551 bytes)
[debug] [2025-09-03T13:51:06.230Z] [unzip] Processing entry: client/manifest.json
[debug] [2025-09-03T13:51:06.230Z] [unzip] else mkdir: /Users/denysharbuzov/.cache/firebase/emulators/ui-v1.15.0/client
[debug] [2025-09-03T13:51:06.230Z] [unzip] deflating: /Users/denysharbuzov/.cache/firebase/emulators/ui-v1.15.0/client/manifest.json
[debug] [2025-09-03T13:51:06.230Z] [unzip] Entry: client/robots.txt (compressed_size=26 bytes, uncompressed_size=26 bytes)
[debug] [2025-09-03T13:51:06.230Z] [unzip] Processing entry: client/robots.txt
[debug] [2025-09-03T13:51:06.230Z] [unzip] else mkdir: /Users/denysharbuzov/.cache/firebase/emulators/ui-v1.15.0/client
[debug] [2025-09-03T13:51:06.230Z] [unzip] Writing file: /Users/denysharbuzov/.cache/firebase/emulators/ui-v1.15.0/client/robots.txt
[debug] [2025-09-03T13:51:06.231Z] [unzip] Entry: client/mstile-150x150.png (compressed_size=2034 bytes, uncompressed_size=2034 bytes)
[debug] [2025-09-03T13:51:06.231Z] [unzip] Processing entry: client/mstile-150x150.png
[debug] [2025-09-03T13:51:06.231Z] [unzip] else mkdir: /Users/denysharbuzov/.cache/firebase/emulators/ui-v1.15.0/client
[debug] [2025-09-03T13:51:06.231Z] [unzip] Writing file: /Users/denysharbuzov/.cache/firebase/emulators/ui-v1.15.0/client/mstile-150x150.png
[debug] [2025-09-03T13:51:06.231Z] [unzip] Entry: client/assets/ (compressed_size=0 bytes, uncompressed_size=0 bytes)
[debug] [2025-09-03T13:51:06.231Z] [unzip] Processing entry: client/assets/
[debug] [2025-09-03T13:51:06.231Z] [unzip] mkdir: /Users/denysharbuzov/.cache/firebase/emulators/ui-v1.15.0/client/assets/
[debug] [2025-09-03T13:51:06.231Z] [unzip] Entry: client/assets/index-BX-A56oj.js (compressed_size=582089 bytes, uncompressed_size=2092775 bytes)
[debug] [2025-09-03T13:51:06.231Z] [unzip] Processing entry: client/assets/index-BX-A56oj.js
[debug] [2025-09-03T13:51:06.231Z] [unzip] else mkdir: /Users/denysharbuzov/.cache/firebase/emulators/ui-v1.15.0/client/assets
[debug] [2025-09-03T13:51:06.231Z] [unzip] deflating: /Users/denysharbuzov/.cache/firebase/emulators/ui-v1.15.0/client/assets/index-BX-A56oj.js
[debug] [2025-09-03T13:51:06.237Z] [unzip] Entry: client/assets/index-CjB9C900.css (compressed_size=35979 bytes, uncompressed_size=298654 bytes)
[debug] [2025-09-03T13:51:06.237Z] [unzip] Processing entry: client/assets/index-CjB9C900.css
[debug] [2025-09-03T13:51:06.237Z] [unzip] else mkdir: /Users/denysharbuzov/.cache/firebase/emulators/ui-v1.15.0/client/assets
[debug] [2025-09-03T13:51:06.237Z] [unzip] deflating: /Users/denysharbuzov/.cache/firebase/emulators/ui-v1.15.0/client/assets/index-CjB9C900.css
[debug] [2025-09-03T13:51:06.238Z] [unzip] Entry: client/assets/index-BX-A56oj.js.map (compressed_size=2362482 bytes, uncompressed_size=10036679 bytes)
[debug] [2025-09-03T13:51:06.238Z] [unzip] Processing entry: client/assets/index-BX-A56oj.js.map
[debug] [2025-09-03T13:51:06.238Z] [unzip] else mkdir: /Users/denysharbuzov/.cache/firebase/emulators/ui-v1.15.0/client/assets
[debug] [2025-09-03T13:51:06.238Z] [unzip] deflating: /Users/denysharbuzov/.cache/firebase/emulators/ui-v1.15.0/client/assets/index-BX-A56oj.js.map
[debug] [2025-09-03T13:51:06.260Z] [unzip] Entry: client/assets/extensions/ (compressed_size=0 bytes, uncompressed_size=0 bytes)
[debug] [2025-09-03T13:51:06.260Z] [unzip] Processing entry: client/assets/extensions/
[debug] [2025-09-03T13:51:06.260Z] [unzip] mkdir: /Users/denysharbuzov/.cache/firebase/emulators/ui-v1.15.0/client/assets/extensions/
[debug] [2025-09-03T13:51:06.260Z] [unzip] Entry: client/assets/extensions/default-extension.png (compressed_size=1646 bytes, uncompressed_size=1657 bytes)
[debug] [2025-09-03T13:51:06.260Z] [unzip] Processing entry: client/assets/extensions/default-extension.png
[debug] [2025-09-03T13:51:06.260Z] [unzip] else mkdir: /Users/denysharbuzov/.cache/firebase/emulators/ui-v1.15.0/client/assets/extensions
[debug] [2025-09-03T13:51:06.260Z] [unzip] deflating: /Users/denysharbuzov/.cache/firebase/emulators/ui-v1.15.0/client/assets/extensions/default-extension.png
[debug] [2025-09-03T13:51:06.261Z] [unzip] Entry: client/assets/img/ (compressed_size=0 bytes, uncompressed_size=0 bytes)
[debug] [2025-09-03T13:51:06.261Z] [unzip] Processing entry: client/assets/img/
[debug] [2025-09-03T13:51:06.261Z] [unzip] mkdir: /Users/denysharbuzov/.cache/firebase/emulators/ui-v1.15.0/client/assets/img/
[debug] [2025-09-03T13:51:06.261Z] [unzip] Entry: client/assets/img/database.png (compressed_size=29449 bytes, uncompressed_size=29988 bytes)
[debug] [2025-09-03T13:51:06.261Z] [unzip] Processing entry: client/assets/img/database.png
[debug] [2025-09-03T13:51:06.261Z] [unzip] else mkdir: /Users/denysharbuzov/.cache/firebase/emulators/ui-v1.15.0/client/assets/img
[debug] [2025-09-03T13:51:06.261Z] [unzip] deflating: /Users/denysharbuzov/.cache/firebase/emulators/ui-v1.15.0/client/assets/img/database.png
[debug] [2025-09-03T13:51:06.261Z] [unzip] Entry: client/assets/provider-icons/ (compressed_size=0 bytes, uncompressed_size=0 bytes)
[debug] [2025-09-03T13:51:06.261Z] [unzip] Processing entry: client/assets/provider-icons/
[debug] [2025-09-03T13:51:06.261Z] [unzip] mkdir: /Users/denysharbuzov/.cache/firebase/emulators/ui-v1.15.0/client/assets/provider-icons/
[debug] [2025-09-03T13:51:06.261Z] [unzip] Entry: client/assets/provider-icons/auth_service_saml.svg (compressed_size=575 bytes, uncompressed_size=1226 bytes)
[debug] [2025-09-03T13:51:06.261Z] [unzip] Processing entry: client/assets/provider-icons/auth_service_saml.svg
[debug] [2025-09-03T13:51:06.261Z] [unzip] else mkdir: /Users/denysharbuzov/.cache/firebase/emulators/ui-v1.15.0/client/assets/provider-icons
[debug] [2025-09-03T13:51:06.261Z] [unzip] deflating: /Users/denysharbuzov/.cache/firebase/emulators/ui-v1.15.0/client/assets/provider-icons/auth_service_saml.svg
[debug] [2025-09-03T13:51:06.261Z] [unzip] Entry: client/assets/provider-icons/auth_service_phone.svg (compressed_size=261 bytes, uncompressed_size=414 bytes)
[debug] [2025-09-03T13:51:06.261Z] [unzip] Processing entry: client/assets/provider-icons/auth_service_phone.svg
[debug] [2025-09-03T13:51:06.261Z] [unzip] else mkdir: /Users/denysharbuzov/.cache/firebase/emulators/ui-v1.15.0/client/assets/provider-icons
[debug] [2025-09-03T13:51:06.262Z] [unzip] deflating: /Users/denysharbuzov/.cache/firebase/emulators/ui-v1.15.0/client/assets/provider-icons/auth_service_phone.svg
[debug] [2025-09-03T13:51:06.262Z] [unzip] Entry: client/assets/provider-icons/auth_service_facebook.svg (compressed_size=289 bytes, uncompressed_size=457 bytes)
[debug] [2025-09-03T13:51:06.262Z] [unzip] Processing entry: client/assets/provider-icons/auth_service_facebook.svg
[debug] [2025-09-03T13:51:06.262Z] [unzip] else mkdir: /Users/denysharbuzov/.cache/firebase/emulators/ui-v1.15.0/client/assets/provider-icons
[debug] [2025-09-03T13:51:06.262Z] [unzip] deflating: /Users/denysharbuzov/.cache/firebase/emulators/ui-v1.15.0/client/assets/provider-icons/auth_service_facebook.svg
[debug] [2025-09-03T13:51:06.262Z] [unzip] Entry: client/assets/provider-icons/auth_service_game_center.svg (compressed_size=991 bytes, uncompressed_size=3921 bytes)
[debug] [2025-09-03T13:51:06.262Z] [unzip] Processing entry: client/assets/provider-icons/auth_service_game_center.svg
[debug] [2025-09-03T13:51:06.262Z] [unzip] else mkdir: /Users/denysharbuzov/.cache/firebase/emulators/ui-v1.15.0/client/assets/provider-icons
[debug] [2025-09-03T13:51:06.262Z] [unzip] deflating: /Users/denysharbuzov/.cache/firebase/emulators/ui-v1.15.0/client/assets/provider-icons/auth_service_game_center.svg
[debug] [2025-09-03T13:51:06.262Z] [unzip] Entry: client/assets/provider-icons/auth_service_apple.svg (compressed_size=230 bytes, uncompressed_size=334 bytes)
[debug] [2025-09-03T13:51:06.262Z] [unzip] Processing entry: client/assets/provider-icons/auth_service_apple.svg
[debug] [2025-09-03T13:51:06.262Z] [unzip] else mkdir: /Users/denysharbuzov/.cache/firebase/emulators/ui-v1.15.0/client/assets/provider-icons
[debug] [2025-09-03T13:51:06.262Z] [unzip] deflating: /Users/denysharbuzov/.cache/firebase/emulators/ui-v1.15.0/client/assets/provider-icons/auth_service_apple.svg
[debug] [2025-09-03T13:51:06.262Z] [unzip] Entry: client/assets/provider-icons/auth_service_github.svg (compressed_size=466 bytes, uncompressed_size=838 bytes)
[debug] [2025-09-03T13:51:06.262Z] [unzip] Processing entry: client/assets/provider-icons/auth_service_github.svg
[debug] [2025-09-03T13:51:06.262Z] [unzip] else mkdir: /Users/denysharbuzov/.cache/firebase/emulators/ui-v1.15.0/client/assets/provider-icons
[debug] [2025-09-03T13:51:06.262Z] [unzip] deflating: /Users/denysharbuzov/.cache/firebase/emulators/ui-v1.15.0/client/assets/provider-icons/auth_service_github.svg
[debug] [2025-09-03T13:51:06.263Z] [unzip] Entry: client/assets/provider-icons/auth_service_mslive.svg (compressed_size=203 bytes, uncompressed_size=378 bytes)
[debug] [2025-09-03T13:51:06.263Z] [unzip] Processing entry: client/assets/provider-icons/auth_service_mslive.svg
[debug] [2025-09-03T13:51:06.263Z] [unzip] else mkdir: /Users/denysharbuzov/.cache/firebase/emulators/ui-v1.15.0/client/assets/provider-icons
[debug] [2025-09-03T13:51:06.263Z] [unzip] deflating: /Users/denysharbuzov/.cache/firebase/emulators/ui-v1.15.0/client/assets/provider-icons/auth_service_mslive.svg
[debug] [2025-09-03T13:51:06.263Z] [unzip] Entry: client/assets/provider-icons/auth_service_yahoo.svg (compressed_size=577 bytes, uncompressed_size=1182 bytes)
[debug] [2025-09-03T13:51:06.263Z] [unzip] Processing entry: client/assets/provider-icons/auth_service_yahoo.svg
[debug] [2025-09-03T13:51:06.263Z] [unzip] else mkdir: /Users/denysharbuzov/.cache/firebase/emulators/ui-v1.15.0/client/assets/provider-icons
[debug] [2025-09-03T13:51:06.263Z] [unzip] deflating: /Users/denysharbuzov/.cache/firebase/emulators/ui-v1.15.0/client/assets/provider-icons/auth_service_yahoo.svg
[debug] [2025-09-03T13:51:06.263Z] [unzip] Entry: client/assets/provider-icons/auth_service_twitter.svg (compressed_size=444 bytes, uncompressed_size=751 bytes)
[debug] [2025-09-03T13:51:06.263Z] [unzip] Processing entry: client/assets/provider-icons/auth_service_twitter.svg
[debug] [2025-09-03T13:51:06.263Z] [unzip] else mkdir: /Users/denysharbuzov/.cache/firebase/emulators/ui-v1.15.0/client/assets/provider-icons
[debug] [2025-09-03T13:51:06.263Z] [unzip] deflating: /Users/denysharbuzov/.cache/firebase/emulators/ui-v1.15.0/client/assets/provider-icons/auth_service_twitter.svg
[debug] [2025-09-03T13:51:06.263Z] [unzip] Entry: client/assets/provider-icons/auth_service_play_games.svg (compressed_size=565 bytes, uncompressed_size=1173 bytes)
[debug] [2025-09-03T13:51:06.263Z] [unzip] Processing entry: client/assets/provider-icons/auth_service_play_games.svg
[debug] [2025-09-03T13:51:06.263Z] [unzip] else mkdir: /Users/denysharbuzov/.cache/firebase/emulators/ui-v1.15.0/client/assets/provider-icons
[debug] [2025-09-03T13:51:06.263Z] [unzip] deflating: /Users/denysharbuzov/.cache/firebase/emulators/ui-v1.15.0/client/assets/provider-icons/auth_service_play_games.svg
[debug] [2025-09-03T13:51:06.264Z] [unzip] Entry: client/assets/provider-icons/auth_service_email.svg (compressed_size=228 bytes, uncompressed_size=326 bytes)
[debug] [2025-09-03T13:51:06.264Z] [unzip] Processing entry: client/assets/provider-icons/auth_service_email.svg
[debug] [2025-09-03T13:51:06.264Z] [unzip] else mkdir: /Users/denysharbuzov/.cache/firebase/emulators/ui-v1.15.0/client/assets/provider-icons
[debug] [2025-09-03T13:51:06.264Z] [unzip] deflating: /Users/denysharbuzov/.cache/firebase/emulators/ui-v1.15.0/client/assets/provider-icons/auth_service_email.svg
[debug] [2025-09-03T13:51:06.264Z] [unzip] Entry: client/assets/provider-icons/auth_service_google.svg (compressed_size=409 bytes, uncompressed_size=720 bytes)
[debug] [2025-09-03T13:51:06.264Z] [unzip] Processing entry: client/assets/provider-icons/auth_service_google.svg
[debug] [2025-09-03T13:51:06.264Z] [unzip] else mkdir: /Users/denysharbuzov/.cache/firebase/emulators/ui-v1.15.0/client/assets/provider-icons
[debug] [2025-09-03T13:51:06.264Z] [unzip] deflating: /Users/denysharbuzov/.cache/firebase/emulators/ui-v1.15.0/client/assets/provider-icons/auth_service_google.svg
[debug] [2025-09-03T13:51:06.264Z] [unzip] Entry: client/assets/provider-icons/auth_service_oidc.svg (compressed_size=414 bytes, uncompressed_size=858 bytes)
[debug] [2025-09-03T13:51:06.264Z] [unzip] Processing entry: client/assets/provider-icons/auth_service_oidc.svg
[debug] [2025-09-03T13:51:06.264Z] [unzip] else mkdir: /Users/denysharbuzov/.cache/firebase/emulators/ui-v1.15.0/client/assets/provider-icons
[debug] [2025-09-03T13:51:06.264Z] [unzip] deflating: /Users/denysharbuzov/.cache/firebase/emulators/ui-v1.15.0/client/assets/provider-icons/auth_service_oidc.svg
[debug] [2025-09-03T13:51:06.265Z] [unzip] Entry: client/browserconfig.xml (compressed_size=491 bytes, uncompressed_size=822 bytes)
[debug] [2025-09-03T13:51:06.265Z] [unzip] Processing entry: client/browserconfig.xml
[debug] [2025-09-03T13:51:06.265Z] [unzip] else mkdir: /Users/denysharbuzov/.cache/firebase/emulators/ui-v1.15.0/client
[debug] [2025-09-03T13:51:06.265Z] [unzip] deflating: /Users/denysharbuzov/.cache/firebase/emulators/ui-v1.15.0/client/browserconfig.xml
[debug] [2025-09-03T13:51:06.265Z] [unzip] Entry: client/favicon-32x32.png (compressed_size=475 bytes, uncompressed_size=475 bytes)
[debug] [2025-09-03T13:51:06.265Z] [unzip] Processing entry: client/favicon-32x32.png
[debug] [2025-09-03T13:51:06.265Z] [unzip] else mkdir: /Users/denysharbuzov/.cache/firebase/emulators/ui-v1.15.0/client
[debug] [2025-09-03T13:51:06.265Z] [unzip] Writing file: /Users/denysharbuzov/.cache/firebase/emulators/ui-v1.15.0/client/favicon-32x32.png
[debug] [2025-09-03T13:51:06.265Z] [unzip] Entry: server/ (compressed_size=0 bytes, uncompressed_size=0 bytes)
[debug] [2025-09-03T13:51:06.265Z] [unzip] Processing entry: server/
[debug] [2025-09-03T13:51:06.265Z] [unzip] mkdir: /Users/denysharbuzov/.cache/firebase/emulators/ui-v1.15.0/server/
[debug] [2025-09-03T13:51:06.265Z] [unzip] Entry: server/server.mjs.map (compressed_size=217845 bytes, uncompressed_size=944978 bytes)
[debug] [2025-09-03T13:51:06.265Z] [unzip] Processing entry: server/server.mjs.map
[debug] [2025-09-03T13:51:06.265Z] [unzip] else mkdir: /Users/denysharbuzov/.cache/firebase/emulators/ui-v1.15.0/server
[debug] [2025-09-03T13:51:06.265Z] [unzip] deflating: /Users/denysharbuzov/.cache/firebase/emulators/ui-v1.15.0/server/server.mjs.map
[debug] [2025-09-03T13:51:06.268Z] [unzip] Entry: server/server.mjs (compressed_size=276407 bytes, uncompressed_size=933701 bytes)
[debug] [2025-09-03T13:51:06.268Z] [unzip] Processing entry: server/server.mjs
[debug] [2025-09-03T13:51:06.268Z] [unzip] else mkdir: /Users/denysharbuzov/.cache/firebase/emulators/ui-v1.15.0/server
[debug] [2025-09-03T13:51:06.268Z] [unzip] deflating: /Users/denysharbuzov/.cache/firebase/emulators/ui-v1.15.0/server/server.mjs
[debug] [2025-09-03T13:51:06.271Z] [Extensions] Connecting Extensions emulator, this is a noop.
[info] i  functions: Watching "/Users/denysharbuzov/Projects/my-business-app/functions" for Cloud Functions... {"metadata":{"emulator":{"name":"functions"},"message":"Watching \"/Users/denysharbuzov/Projects/my-business-app/functions\" for Cloud Functions..."}}
[debug] [2025-09-03T13:51:06.273Z] Validating nodejs source
[warn] ⚠  functions: Couldn't find firebase-functions package in your source code. Have you run 'npm install'? 
[debug] [2025-09-03T13:51:06.273Z] getFunctionsSDKVersion encountered error: Cannot find module 'firebase-functions'
Require stack:
- /usr/local/lib/node_modules/firebase-tools/lib/deploy/functions/runtimes/node/versioning.js
- /usr/local/lib/node_modules/firebase-tools/lib/deploy/functions/runtimes/node/index.js
- /usr/local/lib/node_modules/firebase-tools/lib/deploy/functions/runtimes/index.js
- /usr/local/lib/node_modules/firebase-tools/lib/deploy/functions/prepare.js
- /usr/local/lib/node_modules/firebase-tools/lib/emulator/functionsEmulatorShared.js
- /usr/local/lib/node_modules/firebase-tools/lib/emulator/functionsEmulator.js
- /usr/local/lib/node_modules/firebase-tools/lib/emulator/controller.js
- /usr/local/lib/node_modules/firebase-tools/lib/emulator/commandUtils.js
- /usr/local/lib/node_modules/firebase-tools/lib/commands/database-get.js
- /usr/local/lib/node_modules/firebase-tools/lib/commands/index.js
- /usr/local/lib/node_modules/firebase-tools/lib/index.js
- /usr/local/lib/node_modules/firebase-tools/lib/bin/cli.js
- /usr/local/lib/node_modules/firebase-tools/lib/bin/firebase.js {"code":"MODULE_NOT_FOUND","requireStack":["/usr/local/lib/node_modules/firebase-tools/lib/deploy/functions/runtimes/node/versioning.js","/usr/local/lib/node_modules/firebase-tools/lib/deploy/functions/runtimes/node/index.js","/usr/local/lib/node_modules/firebase-tools/lib/deploy/functions/runtimes/index.js","/usr/local/lib/node_modules/firebase-tools/lib/deploy/functions/prepare.js","/usr/local/lib/node_modules/firebase-tools/lib/emulator/functionsEmulatorShared.js","/usr/local/lib/node_modules/firebase-tools/lib/emulator/functionsEmulator.js","/usr/local/lib/node_modules/firebase-tools/lib/emulator/controller.js","/usr/local/lib/node_modules/firebase-tools/lib/emulator/commandUtils.js","/usr/local/lib/node_modules/firebase-tools/lib/commands/database-get.js","/usr/local/lib/node_modules/firebase-tools/lib/commands/index.js","/usr/local/lib/node_modules/firebase-tools/lib/index.js","/usr/local/lib/node_modules/firebase-tools/lib/bin/cli.js","/usr/local/lib/node_modules/firebase-tools/lib/bin/firebase.js"]}
[debug] [2025-09-03T13:51:06.273Z] checkFunctionsSDKVersion encountered error: Invalid Version:  {}
[debug] [2025-09-03T13:51:06.274Z] > [functions] package.json contents: {
  "name": "my-business-app-functions",
  "scripts": {
    "build": "tsc",
    "serve": "npm run build && firebase emulators:start --only functions",
    "shell": "npm run build && firebase functions:shell",
    "start": "npm run shell",
    "deploy": "firebase deploy --only functions",
    "logs": "firebase functions:log"
  },
  "engines": {
    "node": "18"
  },
  "main": "lib/index.js",
  "dependencies": {
    "firebase-admin": "^11.8.0",
    "firebase-functions": "^4.3.1"
  },
  "devDependencies": {
    "typescript": "^4.9.0",
    "@types/node": "^18.0.0"
  }
}
[error] ⬢  functions: Failed to load function definition from source: FirebaseError: There was an error reading functions/package.json:

 functions/lib/index.js does not exist, can't deploy Cloud Functions {"metadata":{"emulator":{"name":"functions"},"message":"Failed to load function definition from source: FirebaseError: There was an error reading functions/package.json:\n\n functions/lib/index.js does not exist, can't deploy Cloud Functions"}}
[debug] [2025-09-03T13:51:06.276Z] Could not find VSCode notification endpoint: FetchError: request to http://localhost:40001/vscode/notify failed, reason: . If you are not running the Firebase Data Connect VSCode extension, this is expected and not an issue.
[info] 
┌─────────────────────────────────────────────────────────────┐
│ ✔  All emulators ready! It is now safe to connect your app. │
│ i  View Emulator UI at http://127.0.0.1:4000/               │
└─────────────────────────────────────────────────────────────┘

┌────────────────┬────────────────┬──────────────────────────────────┐
│ Emulator       │ Host:Port      │ View in Emulator UI              │
├────────────────┼────────────────┼──────────────────────────────────┤
│ Authentication │ 127.0.0.1:9099 │ http://127.0.0.1:4000/auth       │
├────────────────┼────────────────┼──────────────────────────────────┤
│ Functions      │ 127.0.0.1:5001 │ http://127.0.0.1:4000/functions  │
├────────────────┼────────────────┼──────────────────────────────────┤
│ Firestore      │ 127.0.0.1:8080 │ http://127.0.0.1:4000/firestore  │
├────────────────┼────────────────┼──────────────────────────────────┤
│ Hosting        │ 127.0.0.1:5002 │ n/a                              │
├────────────────┼────────────────┼──────────────────────────────────┤
│ Storage        │ 127.0.0.1:9199 │ http://127.0.0.1:4000/storage    │
├────────────────┼────────────────┼──────────────────────────────────┤
│ Extensions     │ 127.0.0.1:5001 │ http://127.0.0.1:4000/extensions │
└────────────────┴────────────────┴──────────────────────────────────┘
  Emulator Hub host: 127.0.0.1 port: 4400
  Other reserved ports: 4500, 9150
┌─────────────────────────┬───────────────┬─────────────────────┐
│ Extension Instance Name │ Extension Ref │ View in Emulator UI │
└─────────────────────────┴───────────────┴─────────────────────┘
Issues? Report them at https://github.com/firebase/firebase-tools/issues and attach the *-debug.log files.
 
[debug] [2025-09-03T13:52:31.206Z] File /Users/denysharbuzov/Projects/my-business-app/functions/src/index.ts changed, reloading triggers {"metadata":{"emulator":{"name":"functions"},"message":"File /Users/denysharbuzov/Projects/my-business-app/functions/src/index.ts changed, reloading triggers"}}
[debug] [2025-09-03T13:52:32.207Z] Validating nodejs source
[warn] ⚠  functions: package.json indicates an outdated version of firebase-functions. Please upgrade using npm install --save firebase-functions@latest in your functions directory. 
[warn] ⚠  functions: Please note that there will be breaking changes when you upgrade. 
[debug] [2025-09-03T13:52:32.692Z] > [functions] package.json contents: {
  "name": "my-business-app-functions",
  "scripts": {
    "build": "tsc",
    "serve": "npm run build && firebase emulators:start --only functions",
    "shell": "npm run build && firebase functions:shell",
    "start": "npm run shell",
    "deploy": "firebase deploy --only functions",
    "logs": "firebase functions:log"
  },
  "engines": {
    "node": "18"
  },
  "main": "lib/index.js",
  "dependencies": {
    "firebase-admin": "^11.8.0",
    "firebase-functions": "^4.3.1"
  },
  "devDependencies": {
    "typescript": "^4.9.0",
    "@types/node": "^18.0.0"
  }
}
[debug] [2025-09-03T13:52:32.692Z] Building nodejs source
[debug] [2025-09-03T13:52:32.692Z] Failed to find version of module node: reached end of search path /Users/denysharbuzov/Projects/my-business-app/functions/node_modules
[warn] ⚠  functions: Your requested "node" version "18" doesn't match your global version "22". Using node@22 from host. 
[info] i  functions: You are using a version of firebase-functions SDK (4.9.0) that does not have support for the newest Firebase Extensions features. Please update firebase-functions SDK to >=5.1.0 to use them correctly 
[debug] [2025-09-03T13:52:32.692Z] Could not find functions.yaml. Must use http discovery
[debug] [2025-09-03T13:52:32.696Z] Found firebase-functions binary at '/Users/denysharbuzov/Projects/my-business-app/functions/node_modules/.bin/firebase-functions'
[info] Serving at port 8513

[debug] [2025-09-03T13:52:32.979Z] Got response from /__/functions.yaml {"endpoints":{"onTimeEntryStatusChange":{"platform":"gcfv1","availableMemoryMb":null,"timeoutSeconds":null,"minInstances":null,"maxInstances":null,"ingressSettings":null,"serviceAccountEmail":null,"vpc":null,"eventTrigger":{"eventType":"providers/cloud.firestore/eventTypes/document.update","eventFilters":{"resource":"projects/profit-task/databases/(default)/documents/users/{userId}/timeEntries/{entryId}"},"retry":false},"labels":{},"entryPoint":"onTimeEntryStatusChange"},"recalculateCOGS":{"platform":"gcfv1","labels":{},"availableMemoryMb":null,"timeoutSeconds":null,"minInstances":null,"maxInstances":null,"ingressSettings":null,"serviceAccountEmail":null,"vpc":null,"callableTrigger":{},"entryPoint":"recalculateCOGS"}},"specVersion":"v1alpha1","requiredAPIs":[]}
[info] ✔  functions: Loaded functions definitions from source: onTimeEntryStatusChange, recalculateCOGS. {"metadata":{"emulator":{"name":"functions"},"message":"Loaded functions definitions from source: onTimeEntryStatusChange, recalculateCOGS."}}
[debug] [2025-09-03T13:52:36.993Z] addFirestoreTrigger "{\"eventTrigger\":{\"eventType\":\"providers/cloud.firestore/eventTypes/document.update\",\"resource\":\"projects/profit-task/databases/(default)/documents/users/{userId}/timeEntries/{entryId}\",\"service\":\"firestore.googleapis.com\"}}"
[debug] [2025-09-03T13:52:36.993Z] >>> [apiv2][query] PUT http://127.0.0.1:8080/emulator/v1/projects/profit-task/triggers/us-central1-onTimeEntryStatusChange-0 [none]
[debug] [2025-09-03T13:52:36.993Z] >>> [apiv2][body] PUT http://127.0.0.1:8080/emulator/v1/projects/profit-task/triggers/us-central1-onTimeEntryStatusChange-0 "{\"eventTrigger\":{\"eventType\":\"providers/cloud.firestore/eventTypes/document.update\",\"resource\":\"projects/profit-task/databases/(default)/documents/users/{userId}/timeEntries/{entryId}\",\"service\":\"firestore.googleapis.com\"}}"
[debug] [2025-09-03T13:52:36.997Z] Sep 03, 2025 9:52:36 AM io.gapi.emulators.netty.HttpVersionRoutingHandler channelRead
INFO: Detected non-HTTP/2 connection.
 {"metadata":{"emulator":{"name":"firestore"},"message":"Sep 03, 2025 9:52:36 AM io.gapi.emulators.netty.HttpVersionRoutingHandler channelRead\nINFO: Detected non-HTTP/2 connection.\n"}}
[debug] [2025-09-03T13:52:37.106Z] Sep 03, 2025 9:52:37 AM io.gapi.emulators.netty.HttpVersionRoutingHandler channelRead
INFO: Detected HTTP/2 connection.
 {"metadata":{"emulator":{"name":"firestore"},"message":"Sep 03, 2025 9:52:37 AM io.gapi.emulators.netty.HttpVersionRoutingHandler channelRead\nINFO: Detected HTTP/2 connection.\n"}}
[debug] [2025-09-03T13:52:37.550Z] <<< [apiv2][status] PUT http://127.0.0.1:8080/emulator/v1/projects/profit-task/triggers/us-central1-onTimeEntryStatusChange-0 200
[debug] [2025-09-03T13:52:37.550Z] <<< [apiv2][body] PUT http://127.0.0.1:8080/emulator/v1/projects/profit-task/triggers/us-central1-onTimeEntryStatusChange-0 {}
[info] ✔  functions[us-central1-onTimeEntryStatusChange]: firestore function initialized. {"metadata":{"emulator":{"name":"functions"},"message":"firestore function initialized."}}
[info] ✔  functions[us-central1-recalculateCOGS]: http function initialized (http://127.0.0.1:5001/profit-task/us-central1/recalculateCOGS). {"metadata":{"emulator":{"name":"functions"},"message":"http function initialized (http://127.0.0.1:5001/profit-task/us-central1/recalculateCOGS)."}}
[debug] [2025-09-03T13:52:39.352Z] File /Users/denysharbuzov/Projects/my-business-app/functions/lib/index.js changed, reloading triggers {"metadata":{"emulator":{"name":"functions"},"message":"File /Users/denysharbuzov/Projects/my-business-app/functions/lib/index.js changed, reloading triggers"}}
[debug] [2025-09-03T13:52:39.352Z] File /Users/denysharbuzov/Projects/my-business-app/functions/lib/index.js.map changed, reloading triggers {"metadata":{"emulator":{"name":"functions"},"message":"File /Users/denysharbuzov/Projects/my-business-app/functions/lib/index.js.map changed, reloading triggers"}}
[debug] [2025-09-03T13:52:40.353Z] Validating nodejs source
[warn] ⚠  functions: package.json indicates an outdated version of firebase-functions. Please upgrade using npm install --save firebase-functions@latest in your functions directory. 
[warn] ⚠  functions: Please note that there will be breaking changes when you upgrade. 
[debug] [2025-09-03T13:52:40.661Z] > [functions] package.json contents: {
  "name": "my-business-app-functions",
  "scripts": {
    "build": "tsc",
    "serve": "npm run build && firebase emulators:start --only functions",
    "shell": "npm run build && firebase functions:shell",
    "start": "npm run shell",
    "deploy": "firebase deploy --only functions",
    "logs": "firebase functions:log"
  },
  "engines": {
    "node": "18"
  },
  "main": "lib/index.js",
  "dependencies": {
    "firebase-admin": "^11.8.0",
    "firebase-functions": "^4.3.1"
  },
  "devDependencies": {
    "typescript": "^4.9.0",
    "@types/node": "^18.0.0"
  }
}
[debug] [2025-09-03T13:52:40.661Z] Building nodejs source
[debug] [2025-09-03T13:52:40.661Z] Failed to find version of module node: reached end of search path /Users/denysharbuzov/Projects/my-business-app/functions/node_modules
[warn] ⚠  functions: Your requested "node" version "18" doesn't match your global version "22". Using node@22 from host. 
[info] i  functions: You are using a version of firebase-functions SDK (4.9.0) that does not have support for the newest Firebase Extensions features. Please update firebase-functions SDK to >=5.1.0 to use them correctly 
[debug] [2025-09-03T13:52:40.662Z] Could not find functions.yaml. Must use http discovery
[debug] [2025-09-03T13:52:40.662Z] Found firebase-functions binary at '/Users/denysharbuzov/Projects/my-business-app/functions/node_modules/.bin/firebase-functions'
[info] Serving at port 8395

[debug] [2025-09-03T13:52:40.787Z] Got response from /__/functions.yaml {"endpoints":{"onTimeEntryStatusChange":{"platform":"gcfv1","availableMemoryMb":null,"timeoutSeconds":null,"minInstances":null,"maxInstances":null,"ingressSettings":null,"serviceAccountEmail":null,"vpc":null,"eventTrigger":{"eventType":"providers/cloud.firestore/eventTypes/document.update","eventFilters":{"resource":"projects/profit-task/databases/(default)/documents/users/{userId}/timeEntries/{entryId}"},"retry":false},"labels":{},"entryPoint":"onTimeEntryStatusChange"},"recalculateCOGS":{"platform":"gcfv1","labels":{},"availableMemoryMb":null,"timeoutSeconds":null,"minInstances":null,"maxInstances":null,"ingressSettings":null,"serviceAccountEmail":null,"vpc":null,"callableTrigger":{},"entryPoint":"recalculateCOGS"}},"specVersion":"v1alpha1","requiredAPIs":[]}
[info] ✔  functions: Loaded functions definitions from source: onTimeEntryStatusChange, recalculateCOGS. {"metadata":{"emulator":{"name":"functions"},"message":"Loaded functions definitions from source: onTimeEntryStatusChange, recalculateCOGS."}}
[debug] [2025-09-03T13:55:30.764Z] Sep 03, 2025 9:55:30 AM com.google.cloud.datastore.emulator.firestore.websocket.WebSocketChannelHandler initChannel
INFO: Connected to new websocket client
 {"metadata":{"emulator":{"name":"firestore"},"message":"Sep 03, 2025 9:55:30 AM com.google.cloud.datastore.emulator.firestore.websocket.WebSocketChannelHandler initChannel\nINFO: Connected to new websocket client\n"}}
[debug] [2025-09-03T14:05:39.494Z] Sep 03, 2025 10:05:39 AM com.google.cloud.datastore.emulator.firestore.websocket.WebSocketChannelHandler channelClosed
INFO: Websocket client disconnected
 {"metadata":{"emulator":{"name":"firestore"},"message":"Sep 03, 2025 10:05:39 AM com.google.cloud.datastore.emulator.firestore.websocket.WebSocketChannelHandler channelClosed\nINFO: Websocket client disconnected\n"}}
[debug] [2025-09-03T14:07:58.218Z] Sep 03, 2025 10:07:58 AM com.google.cloud.datastore.emulator.firestore.websocket.WebSocketChannelHandler initChannel
INFO: Connected to new websocket client
 {"metadata":{"emulator":{"name":"firestore"},"message":"Sep 03, 2025 10:07:58 AM com.google.cloud.datastore.emulator.firestore.websocket.WebSocketChannelHandler initChannel\nINFO: Connected to new websocket client\n"}}
[debug] [2025-09-03T14:08:13.702Z] Sep 03, 2025 10:08:13 AM com.google.cloud.datastore.emulator.firestore.websocket.WebSocketChannelHandler channelClosed
INFO: Websocket client disconnected
 {"metadata":{"emulator":{"name":"firestore"},"message":"Sep 03, 2025 10:08:13 AM com.google.cloud.datastore.emulator.firestore.websocket.WebSocketChannelHandler channelClosed\nINFO: Websocket client disconnected\n"}}
[debug] [2025-09-03T14:22:08.817Z] Sep 03, 2025 10:22:08 AM com.google.cloud.datastore.emulator.firestore.websocket.WebSocketChannelHandler initChannel
INFO: Connected to new websocket client
 {"metadata":{"emulator":{"name":"firestore"},"message":"Sep 03, 2025 10:22:08 AM com.google.cloud.datastore.emulator.firestore.websocket.WebSocketChannelHandler initChannel\nINFO: Connected to new websocket client\n"}}
[debug] [2025-09-03T16:53:44.275Z] Sep 03, 2025 12:53:44 PM com.google.cloud.datastore.emulator.firestore.websocket.WebSocketChannelHandler channelClosed
INFO: Websocket client disconnected
 {"metadata":{"emulator":{"name":"firestore"},"message":"Sep 03, 2025 12:53:44 PM com.google.cloud.datastore.emulator.firestore.websocket.WebSocketChannelHandler channelClosed\nINFO: Websocket client disconnected\n"}}
[debug] [2025-09-03T16:53:44.356Z] Sep 03, 2025 12:53:44 PM com.google.cloud.datastore.emulator.firestore.websocket.WebSocketChannelHandler initChannel
INFO: Connected to new websocket client
 {"metadata":{"emulator":{"name":"firestore"},"message":"Sep 03, 2025 12:53:44 PM com.google.cloud.datastore.emulator.firestore.websocket.WebSocketChannelHandler initChannel\nINFO: Connected to new websocket client\n"}}
